../Core/Inc/bh1750.h:20:6:BH1750_Init	32	static
../Core/Inc/bh1750.h:31:7:BH1750_ReadLux	32	static
../Core/Src/main.c:78:5:main	8	static
../Core/Src/main.c:128:6:SystemClock_Config	96	static
../Core/Src/main.c:178:13:MX_I2C1_Init	8	static
../Core/Src/main.c:226:13:MX_USART2_UART_Init	8	static
../Core/Src/main.c:261:13:MX_GPIO_Init	48	static
../Core/Src/main.c:296:6:fill_light_buffer	16	static
../Core/Src/main.c:305:6:Train	16	static
../Core/Src/main.c:320:6:Inference	8	static
../Core/Src/main.c:329:5:__io_putchar	16	static
../Core/Src/main.c:341:6:Error_Handler	4	static,ignoring_inline_asm
