../Core/Inc/mpu.h:22:6:MPU6050_Init	32	static
../Core/Inc/mpu.h:31:6:MPU6050_Read_Accel	40	static
../Core/Inc/mpu.h:52:6:MPU6050_Read_Gyro	40	static
../Core/Src/main.c:80:5:main	8	static
../Core/Src/main.c:126:6:SystemClock_Config	96	static
../Core/Src/main.c:176:13:MX_I2C1_Init	8	static
../Core/Src/main.c:224:13:MX_USART2_UART_Init	8	static
../Core/Src/main.c:259:13:MX_GPIO_Init	48	static
../Core/Src/main.c:294:5:__io_putchar	16	static
../Core/Src/main.c:306:6:Error_Handler	4	static,ignoring_inline_asm
