../Core/Inc/mpu.h:22:6:MPU6050_Init	32	static
../Core/Inc/mpu.h:31:6:MPU6050_Read_Accel	40	static
../Core/Inc/mpu.h:52:6:MPU6050_Read_Gyro	40	static
../Core/Src/main.c:75:5:main	8	static
../Core/Src/main.c:123:6:SystemClock_Config	96	static
../Core/Src/main.c:173:13:MX_I2C1_Init	8	static
../Core/Src/main.c:221:13:MX_I2C2_Init	8	static
../Core/Src/main.c:269:13:MX_USART2_UART_Init	8	static
../Core/Src/main.c:304:13:MX_GPIO_Init	48	static
../Core/Src/main.c:337:6:fill_mpu_buffer	16	static
../Core/Src/main.c:346:6:Log	16	static
../Core/Src/main.c:360:5:__io_putchar	16	static
../Core/Src/main.c:370:6:Error_Handler	4	static,ignoring_inline_asm
