../Core/Inc/mpu.h:22:6:MPU6050_Init	1
../Core/Inc/mpu.h:31:6:MPU6050_Read_Accel	1
../Core/Inc/mpu.h:52:6:MPU6050_Read_Gyro	1
../Core/Src/main.c:75:5:main	1
../Core/Src/main.c:123:6:SystemClock_Config	4
../Core/Src/main.c:173:13:MX_I2C1_Init	4
../Core/Src/main.c:221:13:MX_I2C2_Init	4
../Core/Src/main.c:269:13:MX_USART2_UART_Init	2
../Core/Src/main.c:304:13:MX_GPIO_Init	1
../Core/Src/main.c:337:6:fill_mpu_buffer	2
../Core/Src/main.c:346:6:Log	2
../Core/Src/main.c:360:5:__io_putchar	1
../Core/Src/main.c:370:6:Error_Handler	1
