2025-09-12 08:37:27,525 [INFO] Activator:176 - 


2025-09-12 08:37:27,531 [INFO] Activator:177 - !SESSION log4j initialized
2025-09-12 08:37:36,493 [INFO] LogOutputStream:77 - [STDOUT_REDIRECT] 
2025-09-12 08:37:39,893 [INFO] ApplicationProperties:184 - Using Application install path: C:\ST\STM32CubeIDE_1.18.1\STM32CubeIDE\plugins\com.st.stm32cube.common.mx_6.14.1.202504091515
2025-09-12 08:37:39,933 [INFO] DbMcusXml:78 - Set database path to: C:\ST\STM32CubeIDE_1.18.1\STM32CubeIDE\plugins\com.st.stm32cube.common.mx_6.14.1.202504091515\\db\/mcu/
2025-09-12 08:37:39,933 [INFO] ApiDb:274 - Set plugin database path to: C:\ST\STM32CubeIDE_1.18.1\STM32CubeIDE\plugins\com.st.stm32cube.common.mx_6.14.1.202504091515\\db\/plugins/boardmanager/
2025-09-12 08:37:39,934 [WARN] ApiDb:259 - Overriding images path with different value:  => C:\ST\STM32CubeIDE_1.18.1\STM32CubeIDE\plugins\com.st.stm32cube.common.mx_6.14.1.202504091515\\db\/plugins/mcufinder/images/
2025-09-12 08:37:39,966 [INFO] ApiDb:250 - Set database path to: C:\Users\arumu\.stmcufinder\plugins\mcufinder//mcu/
2025-09-12 08:37:39,968 [INFO] DbMcusAds:125 - Set database path to: C:\Users\arumu\.stmcufinder\plugins\mcufinder//mcu/
2025-09-12 08:37:39,973 [INFO] CrossReferenceDbSqlite:203 - Set database path to: C:\Users\arumu\.stmcufinder\plugins\mcufinder//mcu/cs/
2025-09-12 08:37:40,253 [INFO] RulesReader:64 - Compatibility file has been processed (302 Rules)
2025-09-12 08:37:40,418 [INFO] DbMcusXml:78 - Set database path to: C:\ST\STM32CubeIDE_1.18.1\STM32CubeIDE\plugins\com.st.stm32cube.common.mx_6.14.1.202504091515\\db\/mcu/
2025-09-12 08:37:40,419 [INFO] ApiDb:274 - Set plugin database path to: C:\ST\STM32CubeIDE_1.18.1\STM32CubeIDE\plugins\com.st.stm32cube.common.mx_6.14.1.202504091515\\db\/plugins/boardmanager/
2025-09-12 08:37:40,419 [INFO] ApiDb:261 - Set plugin images path to: C:\ST\STM32CubeIDE_1.18.1\STM32CubeIDE\plugins\com.st.stm32cube.common.mx_6.14.1.202504091515\\db\/plugins/mcufinder/images/
2025-09-12 08:37:40,420 [WARN] DbFile:41 - Overriding database path with different value: C:\Users\arumu\.stmcufinder\plugins\mcufinder/ => C:\Users\arumu\.stmcufinder\plugins\mcufinder
2025-09-12 08:37:40,420 [INFO] ApiDb:250 - Set database path to: C:\Users\arumu\.stmcufinder\plugins\mcufinder//mcu/
2025-09-12 08:37:40,420 [WARN] DbFile:41 - Overriding database path with different value: C:\Users\arumu\.stmcufinder\plugins\mcufinder/ => C:\Users\arumu\.stmcufinder\plugins\mcufinder
2025-09-12 08:37:40,420 [INFO] DbMcusAds:125 - Set database path to: C:\Users\arumu\.stmcufinder\plugins\mcufinder//mcu/
2025-09-12 08:37:40,420 [WARN] DbFile:41 - Overriding database path with different value: C:\Users\arumu\.stmcufinder\plugins\mcufinder/ => C:\Users\arumu\.stmcufinder\plugins\mcufinder
2025-09-12 08:37:40,420 [WARN] DbFile:41 - Overriding database path with different value: C:\Users\arumu\.stmcufinder\plugins\mcufinder/ => C:\Users\arumu\.stmcufinder\plugins\mcufinder
2025-09-12 08:37:40,420 [INFO] CrossReferenceDbSqlite:203 - Set database path to: C:\Users\arumu\.stmcufinder\plugins\mcufinder//mcu/cs/
2025-09-12 08:37:40,571 [INFO] MainPanel:272 - HeapMemory: 272629760
2025-09-12 08:37:40,775 [INFO] DbMcusXml:78 - Set database path to: C:\ST\STM32CubeIDE_1.18.1\STM32CubeIDE\plugins\com.st.stm32cube.common.mx_6.14.1.202504091515\\db\/mcu/
2025-09-12 08:37:40,776 [INFO] ApiDb:274 - Set plugin database path to: C:\ST\STM32CubeIDE_1.18.1\STM32CubeIDE\plugins\com.st.stm32cube.common.mx_6.14.1.202504091515\\db\/plugins/boardmanager/
2025-09-12 08:37:40,776 [INFO] ApiDb:261 - Set plugin images path to: C:\ST\STM32CubeIDE_1.18.1\STM32CubeIDE\plugins\com.st.stm32cube.common.mx_6.14.1.202504091515\\db\/plugins/mcufinder/images/
2025-09-12 08:37:40,777 [WARN] DbFile:41 - Overriding database path with different value: C:\Users\arumu\.stmcufinder\plugins\mcufinder/ => C:\Users\arumu\.stmcufinder\plugins\mcufinder
2025-09-12 08:37:40,777 [INFO] ApiDb:250 - Set database path to: C:\Users\arumu\.stmcufinder\plugins\mcufinder//mcu/
2025-09-12 08:37:40,777 [WARN] DbFile:41 - Overriding database path with different value: C:\Users\arumu\.stmcufinder\plugins\mcufinder/ => C:\Users\arumu\.stmcufinder\plugins\mcufinder
2025-09-12 08:37:40,778 [INFO] DbMcusAds:125 - Set database path to: C:\Users\arumu\.stmcufinder\plugins\mcufinder//mcu/
2025-09-12 08:37:40,778 [WARN] DbFile:41 - Overriding database path with different value: C:\Users\arumu\.stmcufinder\plugins\mcufinder/ => C:\Users\arumu\.stmcufinder\plugins\mcufinder
2025-09-12 08:37:40,778 [WARN] DbFile:41 - Overriding database path with different value: C:\Users\arumu\.stmcufinder\plugins\mcufinder/ => C:\Users\arumu\.stmcufinder\plugins\mcufinder
2025-09-12 08:37:40,778 [INFO] CrossReferenceDbSqlite:203 - Set database path to: C:\Users\arumu\.stmcufinder\plugins\mcufinder//mcu/cs/
2025-09-12 08:37:40,816 [INFO] ApplicationProperties:184 - Using Application install path: C:\ST\STM32CubeIDE_1.18.1\STM32CubeIDE\plugins\com.st.stm32cube.common.mx_6.14.1.202504091515
2025-09-12 08:37:40,819 [INFO] PluginManage:196 - Search for loadable plugins [exclusion list=, ]
2025-09-12 08:37:40,821 [INFO] PluginManage:310 - Check plugin analytics
2025-09-12 08:37:41,131 [INFO] AnalyticsPlugin:253 - Accepted Software Licenses: 
2025-09-12 08:37:41,132 [INFO] AnalyticsPlugin:255 - Accepted CMSIS Pack Licenses: 
2025-09-12 08:37:41,132 [INFO] AnalyticsPlugin:257 - Accepted Firmware Licenses: FW.L4.1.18.0,FW.F4.1.28.0
2025-09-12 08:37:41,136 [INFO] PluginManage:359 - Loaded plugin analytics (category:tool,tabindex:-1)
2025-09-12 08:37:41,136 [INFO] PluginManage:310 - Check plugin cadmodel
2025-09-12 08:37:41,153 [INFO] CADModel:105 - Init CAD model plugin
2025-09-12 08:37:41,153 [INFO] PluginManage:359 - Loaded plugin cadmodel (category:power,tabindex:5)
2025-09-12 08:37:41,153 [INFO] PluginManage:310 - Check plugin clock
2025-09-12 08:37:41,170 [INFO] PluginManage:359 - Loaded plugin clock (category:base,tabindex:2)
2025-09-12 08:37:41,170 [INFO] PluginManage:310 - Check plugin ddr
2025-09-12 08:37:41,175 [INFO] PluginManage:359 - Loaded plugin ddr (category:tool,tabindex:6)
2025-09-12 08:37:41,175 [INFO] PluginManage:310 - Check plugin filemanager
2025-09-12 08:37:41,457 [INFO] PluginManage:359 - Loaded plugin filemanager (category:base,tabindex:10)
2025-09-12 08:37:41,458 [INFO] PluginManage:310 - Check plugin ipmanager
2025-09-12 08:37:41,471 [INFO] PluginManage:359 - Loaded plugin ipmanager (category:base,tabindex:5)
2025-09-12 08:37:41,472 [INFO] PluginManage:310 - Check plugin lpbam
2025-09-12 08:37:41,488 [INFO] PluginManage:359 - Loaded plugin lpbam (category:base,tabindex:0)
2025-09-12 08:37:41,489 [INFO] PluginManage:310 - Check plugin memorymap
2025-09-12 08:37:41,517 [INFO] PluginManage:359 - Loaded plugin memorymap (category:base,tabindex:4)
2025-09-12 08:37:41,517 [INFO] PluginManage:310 - Check plugin pinoutandconfiguration
2025-09-12 08:37:41,538 [INFO] PluginManage:359 - Loaded plugin pinoutandconfiguration (category:base,tabindex:1)
2025-09-12 08:37:41,539 [INFO] PluginManage:310 - Check plugin pinoutconfig
2025-09-12 08:37:41,717 [WARN] SupportedApi:132 - Cannot load RTOS API schema: s4s-elt-must-match.1: The content of 'definitions' must match (annotation?, (simpleType | complexType)?, (unique | key | keyref)*)). A problem was found starting at: attribute.
2025-09-12 08:37:41,966 [INFO] PluginManage:359 - Loaded plugin pinoutconfig (category:base,tabindex:0)
2025-09-12 08:37:41,966 [INFO] PluginManage:310 - Check plugin power
2025-09-12 08:37:41,983 [INFO] PluginManage:359 - Loaded plugin power (category:power,tabindex:4)
2025-09-12 08:37:41,983 [INFO] PluginManage:310 - Check plugin projectmanager
2025-09-12 08:37:42,005 [INFO] PluginManage:359 - Loaded plugin projectmanager (category:projectmanager,tabindex:4)
2025-09-12 08:37:42,006 [INFO] PluginManage:310 - Check plugin rif
2025-09-12 08:37:42,016 [INFO] PluginManage:359 - Loaded plugin rif (category:base,tabindex:3)
2025-09-12 08:37:42,016 [INFO] PluginManage:310 - Check plugin thirdparty
2025-09-12 08:37:42,270 [INFO] PluginManage:359 - Loaded plugin thirdparty (category:base,tabindex:-1)
2025-09-12 08:37:42,271 [WARN] IntegrityCheckThread:84 - waiting for thirdparty lock release [integrity check]
2025-09-12 08:37:42,271 [INFO] PluginManage:310 - Check plugin tools
2025-09-12 08:37:42,271 [INFO] IntegrityCheckThread:86 - entering critical section [integrity check]
2025-09-12 08:37:42,272 [INFO] ThirdPartyUpdaterWithRetryManager:70 - Updater plugin not ready yet. [1/15]
2025-09-12 08:37:42,276 [INFO] PluginManage:359 - Loaded plugin tools (category:base,tabindex:7)
2025-09-12 08:37:42,277 [INFO] PluginManage:310 - Check plugin tutovideos
2025-09-12 08:37:42,619 [INFO] PluginManage:359 - Loaded plugin tutovideos (category:base,tabindex:-1)
2025-09-12 08:37:42,619 [INFO] PluginManage:310 - Check plugin updater
2025-09-12 08:37:42,651 [INFO] PluginManage:359 - Loaded plugin updater (category:base,tabindex:12)
2025-09-12 08:37:42,651 [INFO] PluginManage:310 - Check plugin userauth
2025-09-12 08:37:42,658 [INFO] UserAuth:118 - Init User Auth plugin
2025-09-12 08:37:42,660 [INFO] PluginManage:359 - Loaded plugin userauth (category:base,tabindex:14)
2025-09-12 08:37:42,661 [INFO] PluginManage:283 - PluginManage : Loaded plugins [18]
2025-09-12 08:37:43,003 [INFO] PinOutPanel:1589 - setPackage(No Configuration,No Configuration)
2025-09-12 08:37:43,144 [INFO] CADModel:165 - CPN selected for project level
2025-09-12 08:37:43,145 [INFO] CADModel:114 - Register for checkConnection events
2025-09-12 08:37:43,177 [INFO] IPUIPlugin:80 - create IPUIPlugin
2025-09-12 08:37:43,178 [INFO] PluginManager:220 - loadIPPluginJar : add adc
2025-09-12 08:37:43,184 [INFO] IPUIPlugin:80 - create IPUIPlugin
2025-09-12 08:37:43,184 [INFO] PluginManager:220 - loadIPPluginJar : add aes
2025-09-12 08:37:43,192 [INFO] IPUIPlugin:80 - create IPUIPlugin
2025-09-12 08:37:43,192 [INFO] PluginManager:220 - loadIPPluginJar : add can
2025-09-12 08:37:43,197 [INFO] IPUIPlugin:80 - create IPUIPlugin
2025-09-12 08:37:43,197 [INFO] PluginManager:220 - loadIPPluginJar : add comp
2025-09-12 08:37:43,203 [INFO] IPUIPlugin:80 - create IPUIPlugin
2025-09-12 08:37:43,203 [INFO] PluginManager:220 - loadIPPluginJar : add cryp
2025-09-12 08:37:43,209 [INFO] IPUIPlugin:80 - create IPUIPlugin
2025-09-12 08:37:43,210 [INFO] PluginManager:220 - loadIPPluginJar : add ddr_ctrl_phy
2025-09-12 08:37:43,217 [INFO] IPUIPlugin:80 - create IPUIPlugin
2025-09-12 08:37:43,217 [INFO] PluginManager:220 - loadIPPluginJar : add dfsdm
2025-09-12 08:37:43,229 [INFO] IPUIPlugin:80 - create IPUIPlugin
2025-09-12 08:37:43,257 [INFO] PluginManager:220 - loadIPPluginJar : add dma
2025-09-12 08:37:43,264 [INFO] IPUIPlugin:80 - create IPUIPlugin
2025-09-12 08:37:43,264 [INFO] PluginManager:220 - loadIPPluginJar : add dma3
2025-09-12 08:37:43,272 [INFO] IPUIPlugin:80 - create IPUIPlugin
2025-09-12 08:37:43,272 [INFO] PluginManager:220 - loadIPPluginJar : add extmemmanager
2025-09-12 08:37:43,277 [INFO] IPUIPlugin:80 - create IPUIPlugin
2025-09-12 08:37:43,277 [INFO] PluginManager:220 - loadIPPluginJar : add fatfs
2025-09-12 08:37:43,288 [INFO] IPUIPlugin:80 - create IPUIPlugin
2025-09-12 08:37:43,289 [INFO] PluginManager:220 - loadIPPluginJar : add fmc
2025-09-12 08:37:43,302 [INFO] IPUIPlugin:80 - create IPUIPlugin
2025-09-12 08:37:43,302 [INFO] PluginManager:220 - loadIPPluginJar : add freertos
2025-09-12 08:37:43,306 [INFO] IPUIPlugin:80 - create IPUIPlugin
2025-09-12 08:37:43,306 [INFO] PluginManager:220 - loadIPPluginJar : add genericplugin
2025-09-12 08:37:43,313 [INFO] IPUIPlugin:80 - create IPUIPlugin
2025-09-12 08:37:43,313 [INFO] PluginManager:220 - loadIPPluginJar : add gfxmmu
2025-09-12 08:37:43,346 [INFO] IPUIPlugin:80 - create IPUIPlugin
2025-09-12 08:37:43,347 [INFO] PluginManager:220 - loadIPPluginJar : add gic
2025-09-12 08:37:43,357 [INFO] IPUIPlugin:80 - create IPUIPlugin
2025-09-12 08:37:43,357 [INFO] PluginManager:220 - loadIPPluginJar : add gpio
2025-09-12 08:37:43,362 [INFO] IPUIPlugin:80 - create IPUIPlugin
2025-09-12 08:37:43,363 [INFO] PluginManager:220 - loadIPPluginJar : add gtzc
2025-09-12 08:37:43,367 [INFO] IPUIPlugin:80 - create IPUIPlugin
2025-09-12 08:37:43,367 [INFO] PluginManager:220 - loadIPPluginJar : add hash
2025-09-12 08:37:43,372 [INFO] IPUIPlugin:80 - create IPUIPlugin
2025-09-12 08:37:43,373 [INFO] PluginManager:220 - loadIPPluginJar : add i2c
2025-09-12 08:37:43,379 [INFO] IPUIPlugin:80 - create IPUIPlugin
2025-09-12 08:37:43,379 [INFO] PluginManager:220 - loadIPPluginJar : add i2s
2025-09-12 08:37:43,389 [INFO] IPUIPlugin:80 - create IPUIPlugin
2025-09-12 08:37:43,389 [INFO] PluginManager:220 - loadIPPluginJar : add i3c
2025-09-12 08:37:43,398 [INFO] IPUIPlugin:80 - create IPUIPlugin
2025-09-12 08:37:43,399 [INFO] PluginManager:220 - loadIPPluginJar : add ipddr
2025-09-12 08:37:43,411 [INFO] IPUIPlugin:80 - create IPUIPlugin
2025-09-12 08:37:43,411 [INFO] PluginManager:220 - loadIPPluginJar : add linkedlist
2025-09-12 08:37:43,417 [INFO] IPUIPlugin:80 - create IPUIPlugin
2025-09-12 08:37:43,417 [INFO] PluginManager:220 - loadIPPluginJar : add lorawan
2025-09-12 08:37:43,420 [INFO] IPUIPlugin:80 - create IPUIPlugin
2025-09-12 08:37:43,421 [INFO] PluginManager:220 - loadIPPluginJar : add ltdc
2025-09-12 08:37:43,430 [INFO] IPUIPlugin:80 - create IPUIPlugin
2025-09-12 08:37:43,431 [INFO] PluginManager:220 - loadIPPluginJar : add mdma
2025-09-12 08:37:43,439 [INFO] IPUIPlugin:80 - create IPUIPlugin
2025-09-12 08:37:43,440 [INFO] PluginManager:220 - loadIPPluginJar : add nvic
2025-09-12 08:37:43,449 [INFO] IPUIPlugin:80 - create IPUIPlugin
2025-09-12 08:37:43,450 [INFO] PluginManager:220 - loadIPPluginJar : add opamp
2025-09-12 08:37:43,477 [INFO] IPUIPlugin:80 - create IPUIPlugin
2025-09-12 08:37:43,478 [INFO] PluginManager:220 - loadIPPluginJar : add openamp
2025-09-12 08:37:43,486 [INFO] IPUIPlugin:80 - create IPUIPlugin
2025-09-12 08:37:43,486 [INFO] PluginManager:220 - loadIPPluginJar : add pdm2pcm
2025-09-12 08:37:43,496 [INFO] IPUIPlugin:80 - create IPUIPlugin
2025-09-12 08:37:43,504 [INFO] PluginManager:220 - loadIPPluginJar : add plateformsettings
2025-09-12 08:37:43,508 [INFO] IPUIPlugin:80 - create IPUIPlugin
2025-09-12 08:37:43,508 [INFO] PluginManager:220 - loadIPPluginJar : add quadspi
2025-09-12 08:37:43,511 [INFO] IPUIPlugin:80 - create IPUIPlugin
2025-09-12 08:37:43,512 [INFO] PluginManager:220 - loadIPPluginJar : add radio
2025-09-12 08:37:43,521 [INFO] IPUIPlugin:80 - create IPUIPlugin
2025-09-12 08:37:43,522 [INFO] PluginManager:220 - loadIPPluginJar : add resmgrutility
2025-09-12 08:37:43,528 [INFO] IPUIPlugin:80 - create IPUIPlugin
2025-09-12 08:37:43,528 [INFO] PluginManager:220 - loadIPPluginJar : add sai
2025-09-12 08:37:43,535 [INFO] IPUIPlugin:80 - create IPUIPlugin
2025-09-12 08:37:43,535 [INFO] PluginManager:220 - loadIPPluginJar : add spi
2025-09-12 08:37:43,545 [INFO] IPUIPlugin:80 - create IPUIPlugin
2025-09-12 08:37:43,545 [INFO] PluginManager:220 - loadIPPluginJar : add stm32_wpan
2025-09-12 08:37:43,549 [INFO] IPUIPlugin:80 - create IPUIPlugin
2025-09-12 08:37:43,549 [INFO] PluginManager:220 - loadIPPluginJar : add tim
2025-09-12 08:37:43,554 [INFO] IPUIPlugin:80 - create IPUIPlugin
2025-09-12 08:37:43,555 [INFO] PluginManager:220 - loadIPPluginJar : add touchsensing
2025-09-12 08:37:43,559 [INFO] IPUIPlugin:80 - create IPUIPlugin
2025-09-12 08:37:43,559 [INFO] PluginManager:220 - loadIPPluginJar : add tracer_emb
2025-09-12 08:37:43,563 [INFO] IPUIPlugin:80 - create IPUIPlugin
2025-09-12 08:37:43,563 [INFO] PluginManager:220 - loadIPPluginJar : add ts
2025-09-12 08:37:43,566 [INFO] IPUIPlugin:80 - create IPUIPlugin
2025-09-12 08:37:43,567 [INFO] PluginManager:220 - loadIPPluginJar : add tsc
2025-09-12 08:37:43,570 [INFO] IPUIPlugin:80 - create IPUIPlugin
2025-09-12 08:37:43,570 [INFO] PluginManager:220 - loadIPPluginJar : add ucpd
2025-09-12 08:37:43,575 [INFO] IPUIPlugin:80 - create IPUIPlugin
2025-09-12 08:37:43,576 [INFO] PluginManager:220 - loadIPPluginJar : add usart
2025-09-12 08:37:43,581 [INFO] IPUIPlugin:80 - create IPUIPlugin
2025-09-12 08:37:43,582 [INFO] PluginManager:220 - loadIPPluginJar : add usbx
2025-09-12 08:37:43,749 [FATAL] Updater:351 - Updater called before beeing initialized
2025-09-12 08:37:43,800 [INFO] RulesReader:64 - Compatibility file has been processed (302 Rules)
2025-09-12 08:37:43,817 [INFO] RulesReader:64 - Compatibility file has been processed (302 Rules)
2025-09-12 08:37:43,827 [INFO] CADModel:165 - CPN selected for project level
2025-09-12 08:37:43,827 [INFO] CADModel:114 - Register for checkConnection events
2025-09-12 08:37:43,828 [FATAL] Updater:351 - Updater called before beeing initialized
2025-09-12 08:37:43,828 [ERROR] CADModel:125 - Updater not yet initialized, retry later 
2025-09-12 08:37:44,067 [FATAL] Updater:351 - Updater called before beeing initialized
2025-09-12 08:37:44,070 [INFO] CADModel:165 - CPN selected for project level
2025-09-12 08:37:44,070 [INFO] CADModel:114 - Register for checkConnection events
2025-09-12 08:37:44,070 [FATAL] Updater:351 - Updater called before beeing initialized
2025-09-12 08:37:44,070 [ERROR] CADModel:125 - Updater not yet initialized, retry later 
2025-09-12 08:37:44,075 [FATAL] Updater:351 - Updater called before beeing initialized
2025-09-12 08:37:44,196 [FATAL] Updater:351 - Updater called before beeing initialized
2025-09-12 08:37:44,199 [INFO] DbMcusAds:53 - JSON generation date=Thu Jun 19 14:02:34 IST 2025 (1750321954384)
2025-09-12 08:37:44,199 [FATAL] Updater:351 - Updater called before beeing initialized
2025-09-12 08:37:44,236 [WARN] DetailPanel:346 - Failed to get advertising image, set to default
2025-09-12 08:37:44,481 [FATAL] Updater:351 - Updater called before beeing initialized
2025-09-12 08:37:44,484 [FATAL] Updater:351 - Updater called before beeing initialized
2025-09-12 08:37:44,484 [FATAL] Updater:351 - Updater called before beeing initialized
2025-09-12 08:37:44,484 [WARN] DetailPanel:346 - Failed to get advertising image, set to default
2025-09-12 08:37:44,485 [FATAL] Updater:351 - Updater called before beeing initialized
2025-09-12 08:37:44,544 [ERROR] Updater:1198 - MainUpdater not yet initialized. External WinMGr cannot be set.
2025-09-12 08:37:44,546 [INFO] Updater:1134 - Updater Version found : 6.14.1
2025-09-12 08:37:44,566 [INFO] ApplicationProperties:184 - Using Application install path: C:\ST\STM32CubeIDE_1.18.1\STM32CubeIDE\plugins\com.st.stm32cube.common.mx_6.14.1.202504091515
2025-09-12 08:37:45,273 [INFO] ThirdPartyUpdaterWithRetryManager:70 - Updater plugin not ready yet. [2/15]
2025-09-12 08:37:46,141 [ERROR] LogOutputStream:75 - [STDERR_REDIRECT] Sep 12, 2025 8:37:46 AM java.util.prefs.WindowsPreferences <init>
2025-09-12 08:37:46,143 [ERROR] LogOutputStream:75 - [STDERR_REDIRECT] WARNING: Could not open/create prefs root node Software\JavaSoft\Prefs at root 0xffffffff80000002. Windows RegCreateKeyEx(...) returned error code 5.
2025-09-12 08:37:46,143 [ERROR] LogOutputStream:75 - [STDERR_REDIRECT] 
2025-09-12 08:37:46,565 [INFO] MainUpdater:2872 - connection check result : 10
2025-09-12 08:37:46,565 [INFO] MainUpdater:3566 - Updater definition file requires update
2025-09-12 08:37:46,566 [INFO] MainUpdater:289 - Updater Check For Update Now.
2025-09-12 08:37:46,566 [INFO] MicroXplorer:498 - Change Database Version : DB.6.0.141
2025-09-12 08:37:46,575 [INFO] McuFinderGlobals:63 - Set McuFinder mode to 2 (CubeIDE integrated)
2025-09-12 08:37:46,576 [INFO] UserAuth:484 - Internet connection configuration mode: 1
2025-09-12 08:37:46,598 [INFO] JxBrowserEngine:152 - Initiate JxBrowser Engine with user profile folder
2025-09-12 08:37:46,634 [INFO] ServerAccessManage:473 - Download File updaters.zip
2025-09-12 08:37:46,847 [INFO] FileExtend:242 - Unzip File : updaters.zip
2025-09-12 08:37:46,847 [INFO] FileExtend:257 - Standard Zip Deflate
2025-09-12 08:37:47,293 [INFO] ServerAccessManage:473 - Download File PacksControlFlags.xml
2025-09-12 08:37:47,428 [INFO] ServerAccessManage:473 - Download File cubemx.pidx
2025-09-12 08:37:48,274 [WARN] MainUpdater:1193 - Updater busy. Cannot search thirdparties
2025-09-12 08:37:48,274 [INFO] ThirdPartyUpdaterWithRetryManager:96 - Updater plugin is busy. [1/15]
2025-09-12 08:37:48,489 [INFO] ServerAccessManage:473 - Download File STMicroelectronics.X-CUBE-STSE01.pdsc
2025-09-12 08:37:48,867 [INFO] WebApp:169 - Instantiating new browser for Auth
2025-09-12 08:37:49,204 [WARN] PackLoader:240 - Cannot read IP mode file for STMicroelectronics.X-CUBE-STSE01.1.0.0
2025-09-12 08:37:49,209 [INFO] PopulateThirdPartyThread:66 - Ending populate Thread
2025-09-12 08:37:49,212 [INFO] ThirdParty:1030 - CMSIS Pack Vendor :STMicroelectronics X-CUBE-STSE01 1.0.0
2025-09-12 08:37:49,212 [INFO] LoadServerUpdatesThread:375 - End of LoadServerUpdate Thread
2025-09-12 08:37:49,329 [INFO] CheckServerUpdateThread:120 - End of CheckServer Thread
2025-09-12 08:37:49,953 [INFO] WebApp:463 - Apply proxy settings
2025-09-12 08:37:49,954 [INFO] WebApp:548 - Chromium requires no authentication
2025-09-12 08:37:49,963 [INFO] WebApp:491 - Direct internet connection detected
2025-09-12 08:37:49,990 [INFO] WebApp:894 - Register for checkConnection events
2025-09-12 08:37:49,990 [INFO] WebApp:463 - Apply proxy settings
2025-09-12 08:37:49,990 [INFO] WebApp:548 - Chromium requires no authentication
2025-09-12 08:37:49,991 [INFO] WebApp:491 - Direct internet connection detected
2025-09-12 08:37:50,188 [INFO] WebApp:225 - Starting web application
2025-09-12 08:37:50,188 [INFO] WebApp:593 - Web application path used C:\ST\STM32CubeIDE_1.18.1\STM32CubeIDE\plugins\com.st.stm32cube.common.mx_6.14.1.202504091515\db\plugins\mcufinder\reactClient1\index.html
2025-09-12 08:37:50,399 [INFO] WebApp:191 - Connection restablished
2025-09-12 08:37:50,514 [INFO] UserAuth:484 - Internet connection configuration mode: 1
2025-09-12 08:37:51,550 [WARN] PackLoader:240 - Cannot read IP mode file for STMicroelectronics.FP-SNS-MOTENVWB1.1.4.0
2025-09-12 08:37:51,555 [WARN] PackLoader:240 - Cannot read IP mode file for STMicroelectronics.FP-ATR-ASTRA1.2.0.2
2025-09-12 08:37:51,563 [WARN] PackLoader:240 - Cannot read IP mode file for STMicroelectronics.X-CUBE-SMBUS.2.1.0
2025-09-12 08:37:51,571 [WARN] PackLoader:240 - Cannot read IP mode file for STMicroelectronics.X-CUBE-ST60.1.0.0
2025-09-12 08:37:51,593 [WARN] PackLoader:240 - Cannot read IP mode file for STMicroelectronics.X-CUBE-AZRTOS-F7.1.1.0
2025-09-12 08:37:51,621 [WARN] PackLoader:240 - Cannot read IP mode file for Infineon.AIROC-Wi-Fi-Bluetooth-STM32.1.7.0
2025-09-12 08:37:51,648 [WARN] PackLoader:240 - Cannot read IP mode file for STMicroelectronics.X-CUBE-AZRTOS-H7.3.4.0
2025-09-12 08:37:51,660 [WARN] PackLoader:240 - Cannot read IP mode file for STMicroelectronics.X-CUBE-DISPLAY.3.0.0
2025-09-12 08:37:51,671 [WARN] PackLoader:240 - Cannot read IP mode file for STMicroelectronics.X-CUBE-NFC10.1.0.0
2025-09-12 08:37:51,682 [WARN] PackLoader:240 - Cannot read IP mode file for STMicroelectronics.X-CUBE-BLEMGR.4.0.0
2025-09-12 08:37:51,691 [WARN] PackLoader:240 - Cannot read IP mode file for emotas.I-CUBE-CANOPEN.1.3.0
2025-09-12 08:37:51,696 [WARN] ConditionMgr:438 - getConditionDescription Invalid condition id : Cortex-A Device cause : null
2025-09-12 08:37:51,707 [WARN] ConditionMgr:1044 - genDependencies : Invalid condition id : Cortex-A Device cause : null
2025-09-12 08:37:51,708 [WARN] ConditionMgr:1044 - genDependencies : Invalid condition id : Cortex-A Device cause : null
2025-09-12 08:37:51,708 [WARN] ConditionMgr:1044 - genDependencies : Invalid condition id : Cortex-A Device cause : null
2025-09-12 08:37:51,713 [ERROR] Engine:466 - C:\Users\arumu\.stm32cubemx\thirdparties\pdsc\STMicroelectronics.FP-SNS-STBOX1.2.1.0.pdsc: PDSC version is not supported
2025-09-12 08:37:51,718 [WARN] PackLoader:240 - Cannot read IP mode file for STMicroelectronics.FP-SNS-SMARTAG2.1.2.0
2025-09-12 08:37:51,724 [WARN] PackLoader:240 - Cannot read IP mode file for STMicroelectronics.FP-SNS-FLIGHT1.5.1.0
2025-09-12 08:37:51,732 [INFO] LogOutputStream:77 - [STDOUT_REDIRECT] 1 : Invalid condition id : UX_CORESTACK_Condition cause : null
2025-09-12 08:37:51,733 [INFO] LogOutputStream:77 - [STDOUT_REDIRECT] 1 : Invalid condition id : UX_CORESTACK_Condition cause : null
2025-09-12 08:37:51,734 [INFO] LogOutputStream:77 - [STDOUT_REDIRECT] 1 : Invalid condition id : UX_CORESTACK_Condition cause : null
2025-09-12 08:37:51,734 [INFO] LogOutputStream:77 - [STDOUT_REDIRECT] 1 : Invalid condition id : UX_CORESTACK_Condition cause : null
2025-09-12 08:37:51,735 [INFO] LogOutputStream:77 - [STDOUT_REDIRECT] 1 : Invalid condition id : UX_CORESTACK_Condition cause : null
2025-09-12 08:37:51,738 [WARN] PackLoader:240 - Cannot read IP mode file for STMicroelectronics.X-CUBE-AZRTOS-WL.2.0.0
2025-09-12 08:37:51,744 [WARN] PackLoader:240 - Cannot read IP mode file for STMicroelectronics.FP-SNS-MOTENV1.5.0.0
2025-09-12 08:37:51,753 [WARN] PackLoader:240 - Cannot read IP mode file for WES.I-CUBE-Cesium.1.3.0
2025-09-12 08:37:51,760 [WARN] PackLoader:240 - Cannot read IP mode file for STMicroelectronics.X-CUBE-BLE2.3.3.0
2025-09-12 08:37:51,767 [WARN] PackLoader:240 - Cannot read IP mode file for STMicroelectronics.X-CUBE-NFC9.1.0.0
2025-09-12 08:37:51,773 [WARN] PackLoader:240 - Cannot read IP mode file for wolfSSL.I-CUBE-wolfSSL.5.8.0
2025-09-12 08:37:51,778 [WARN] PackLoader:240 - Cannot read IP mode file for STMicroelectronics.X-CUBE-BLE1.7.1.0
2025-09-12 08:37:51,783 [WARN] PackLoader:240 - Cannot read IP mode file for wolfSSL.I-CUBE-wolfMQTT.1.19.2
2025-09-12 08:37:51,789 [WARN] PackLoader:240 - Cannot read IP mode file for STMicroelectronics.X-CUBE-EEPRMA1.5.2.0
2025-09-12 08:37:51,796 [WARN] PackLoader:240 - Cannot read IP mode file for STMicroelectronics.X-CUBE-AI.10.1.0
2025-09-12 08:37:51,808 [WARN] PackLoader:240 - Cannot read IP mode file for STMicroelectronics.X-CUBE-AZRTOS-G0.1.1.0
2025-09-12 08:37:51,816 [WARN] PackLoader:240 - Cannot read IP mode file for STMicroelectronics.X-CUBE-SAFEA1.1.2.2
2025-09-12 08:37:51,822 [WARN] PackLoader:240 - Cannot read IP mode file for STMicroelectronics.X-CUBE-NFC4.3.0.0
2025-09-12 08:37:51,831 [WARN] PackLoader:240 - Cannot read IP mode file for EmbeddedOffice.I-CUBE-FS-RTOS.1.0.1
2025-09-12 08:37:51,838 [WARN] PackLoader:240 - Cannot read IP mode file for STMicroelectronics.X-CUBE-WB05N.2.0.0
2025-09-12 08:37:51,844 [WARN] PackLoader:240 - Cannot read IP mode file for wolfSSL.I-CUBE-wolfTPM.3.8.0
2025-09-12 08:37:51,850 [WARN] PackLoader:240 - Cannot read IP mode file for STMicroelectronics.X-CUBE-TCPP.4.2.0
2025-09-12 08:37:51,857 [WARN] PackLoader:240 - Cannot read IP mode file for RealThread.X-CUBE-RT-Thread_Nano.4.1.1
2025-09-12 08:37:51,863 [WARN] PackLoader:240 - Cannot read IP mode file for STMicroelectronics.FP-ATR-SIGFOX1.3.2.0
2025-09-12 08:37:51,868 [WARN] PackLoader:240 - Cannot read IP mode file for STMicroelectronics.X-CUBE-EEPRMA1.5.1.0
2025-09-12 08:37:51,877 [WARN] PackLoader:240 - Cannot read IP mode file for ITTIA_DB.I-CUBE-ITTIADB.8.9.0
2025-09-12 08:37:51,883 [WARN] PackLoader:240 - Cannot read IP mode file for STMicroelectronics.X-CUBE-ST67W61.1.0.0
2025-09-12 08:37:51,888 [WARN] PackLoader:240 - Cannot read IP mode file for STMicroelectronics.X-CUBE-AI.10.2.0
2025-09-12 08:37:51,929 [WARN] PackLoader:240 - Cannot read IP mode file for SEGGER.I-CUBE-embOS.1.3.1
2025-09-12 08:37:51,970 [WARN] PackLoader:240 - Cannot read IP mode file for STMicroelectronics.X-CUBE-ALGOBUILD.1.4.0
2025-09-12 08:37:52,007 [WARN] PackLoader:240 - Cannot read IP mode file for STMicroelectronics.X-CUBE-MEMS1.11.3.0
2025-09-12 08:37:52,150 [WARN] PackLoader:240 - Cannot read IP mode file for STMicroelectronics.X-CUBE-PM33A1.1.0.0
2025-09-12 08:37:52,166 [WARN] PackLoader:240 - Cannot read IP mode file for STMicroelectronics.X-CUBE-AZRTOS-F4.1.1.0
2025-09-12 08:37:52,176 [WARN] PackLoader:240 - Cannot read IP mode file for Avnet-IotConnect.X-CUBE-IoTC-DA16k-PMOD.1.0.0
2025-09-12 08:37:52,183 [WARN] PackLoader:240 - Cannot read IP mode file for STMicroelectronics.X-CUBE-ISPU.2.1.0
2025-09-12 08:37:52,190 [WARN] PackLoader:240 - Cannot read IP mode file for STMicroelectronics.X-CUBE-NFC12.1.0.0
2025-09-12 08:37:52,206 [WARN] PackLoader:240 - Cannot read IP mode file for STMicroelectronics.X-CUBE-AZRTOS-L5.2.0.0
2025-09-12 08:37:52,218 [WARN] PackLoader:240 - Cannot read IP mode file for STMicroelectronics.X-CUBE-NFC6.3.1.0
2025-09-12 08:37:52,227 [WARN] PackLoader:240 - Cannot read IP mode file for STMicroelectronics.X-CUBE-FREERTOS.1.3.1
2025-09-12 08:37:52,234 [WARN] PackLoader:240 - Cannot read IP mode file for STMicroelectronics.FP-SNS-STAIOTCFT.1.0.0
2025-09-12 08:37:52,240 [WARN] PackLoader:240 - Cannot read IP mode file for STMicroelectronics.X-CUBE-DPower.1.3.0
2025-09-12 08:37:52,253 [WARN] ConditionMgr:438 - getConditionDescription Invalid condition id : LAN8742 Phy interface Condition cause : null
2025-09-12 08:37:52,255 [WARN] PackLoader:240 - Cannot read IP mode file for STMicroelectronics.X-CUBE-AZRTOS-L4.2.0.0
2025-09-12 08:37:52,255 [WARN] ConditionMgr:1044 - genDependencies : Invalid condition id : LAN8742 Phy interface Condition cause : null
2025-09-12 08:37:52,256 [WARN] ConditionMgr:1044 - genDependencies : Invalid condition id : LAN8742 Phy interface Condition cause : null
2025-09-12 08:37:52,256 [WARN] ConditionMgr:1044 - genDependencies : Invalid condition id : LAN8742 Phy interface Condition cause : null
2025-09-12 08:37:52,265 [WARN] PackLoader:240 - Cannot read IP mode file for STMicroelectronics.X-CUBE-SFXS2LP1.4.0.0
2025-09-12 08:37:52,281 [WARN] PackLoader:240 - Cannot read IP mode file for STMicroelectronics.X-CUBE-AZRTOS-H7.3.3.0
2025-09-12 08:37:52,290 [WARN] PackLoader:240 - Cannot read IP mode file for STMicroelectronics.X-CUBE-BLEMGR.4.1.0
2025-09-12 08:37:52,303 [WARN] ConditionMgr:438 - getConditionDescription Invalid condition id : UX DEVICE CLASS RTOS Condition cause : null
2025-09-12 08:37:52,303 [WARN] ConditionMgr:438 - getConditionDescription Invalid condition id : UX DEVICE CLASS RTOS Condition cause : null
2025-09-12 08:37:52,304 [WARN] PackLoader:240 - Cannot read IP mode file for STMicroelectronics.X-CUBE-AZRTOS-WB.2.0.0
2025-09-12 08:37:52,304 [WARN] ConditionMgr:1044 - genDependencies : Invalid condition id : UX DEVICE CLASS RTOS Condition cause : null
2025-09-12 08:37:52,305 [WARN] ConditionMgr:1044 - genDependencies : Invalid condition id : UX DEVICE CLASS RTOS Condition cause : null
2025-09-12 08:37:52,305 [WARN] ConditionMgr:1044 - genDependencies : Invalid condition id : UX DEVICE CLASS RTOS Condition cause : null
2025-09-12 08:37:52,305 [WARN] ConditionMgr:1044 - genDependencies : Invalid condition id : UX DEVICE CLASS RTOS Condition cause : null
2025-09-12 08:37:52,305 [WARN] ConditionMgr:1044 - genDependencies : Invalid condition id : UX DEVICE CLASS RTOS Condition cause : null
2025-09-12 08:37:52,314 [WARN] PackLoader:240 - Cannot read IP mode file for STMicroelectronics.X-CUBE-GNSS1.7.0.1
2025-09-12 08:37:52,318 [WARN] PackLoader:240 - Cannot read IP mode file for STMicroelectronics.X-CUBE-TOUCHGFX.4.25.0
2025-09-12 08:37:52,326 [WARN] PackLoader:240 - Cannot read IP mode file for STMicroelectronics.FP-SNS-STBOX1.2.0.0
2025-09-12 08:37:52,337 [WARN] PackLoader:240 - Cannot read IP mode file for STMicroelectronics.X-CUBE-SUBG2.5.0.0
2025-09-12 08:37:52,353 [WARN] PackLoader:240 - Cannot read IP mode file for STMicroelectronics.X-CUBE-AZRTOS-H7RS.1.1.0
2025-09-12 08:37:52,360 [WARN] PackLoader:240 - Cannot read IP mode file for Cesanta.I-CUBE-Mongoose.7.13.0
2025-09-12 08:37:52,371 [WARN] PackLoader:240 - Cannot read IP mode file for STMicroelectronics.X-CUBE-AZRTOS-G4.2.0.0
2025-09-12 08:37:52,377 [WARN] PackLoader:240 - Cannot read IP mode file for wolfSSL.I-CUBE-wolfSSH.1.4.20
2025-09-12 08:37:52,382 [WARN] PackLoader:240 - Cannot read IP mode file for STMicroelectronics.X-CUBE-NFC7.2.0.0
2025-09-12 08:37:52,395 [WARN] PackLoader:240 - Cannot read IP mode file for STMicroelectronics.X-CUBE-IPS.3.1.0
2025-09-12 08:37:52,406 [WARN] PackLoader:240 - Cannot read IP mode file for STMicroelectronics.X-CUBE-ALS.1.0.2
2025-09-12 08:37:52,413 [WARN] PackLoader:240 - Cannot read IP mode file for STMicroelectronics.X-CUBE-STSE01.1.0.0
2025-09-12 08:37:52,420 [WARN] PackLoader:240 - Cannot read IP mode file for portGmbH.I-Cube-SoM-uGOAL.1.1.0
2025-09-12 08:37:52,432 [WARN] PackLoader:240 - Cannot read IP mode file for STMicroelectronics.X-CUBE-TOF1.3.4.3
2025-09-12 08:37:52,441 [INFO] ThirdParty:978 - Integrity check success = true
2025-09-12 08:37:52,442 [INFO] IntegrityCheckThread:100 - exiting critical section [integrity check]
2025-09-12 08:37:52,442 [INFO] IntegrityCheckThread:103 - End integrity checks thread
2025-09-12 08:40:14,182 [ERROR] LogOutputStream:75 - [STDERR_REDIRECT] 
