15:42:17 **** Incremental Build of configuration Debug for project user_reset_button ****
make -j12 all 
arm-none-eabi-gcc "../Core/Src/main.c" -mcpu=cortex-m4 -std=gnu11 -g3 -DDEBUG -DUSE_HAL_DRIVER -DSTM32L476xx -c -I../Core/Inc -I../Drivers/STM32L4xx_HAL_Driver/Inc -I../Drivers/STM32L4xx_HAL_Driver/Inc/Legacy -I../Drivers/CMSIS/Device/ST/STM32L4xx/Include -I../Drivers/CMSIS/Include -O0 -ffunction-sections -fdata-sections -Wall -fstack-usage -fcyclomatic-complexity -MMD -MP -MF"Core/Src/main.d" -MT"Core/Src/main.o" --specs=nano.specs -mfpu=fpv4-sp-d16 -mfloat-abi=hard -mthumb -o "Core/Src/main.o"
../Core/Src/main.c:193:13: warning: 'MX_USART2_UART_Init' defined but not used [-Wunused-function]
  193 | static void MX_USART2_UART_Init(void)
      |             ^~~~~~~~~~~~~~~~~~~
arm-none-eabi-gcc -o "user_reset_button.elf" @"objects.list"   -mcpu=cortex-m4 -T"C:\Users\arumu\STM32CubeIDE\workspace_1.18.1\user_reset_button\STM32L476RGTX_FLASH.ld" --specs=nosys.specs -Wl,-Map="user_reset_button.map" -Wl,--gc-sections -static --specs=nano.specs -mfpu=fpv4-sp-d16 -mfloat-abi=hard -mthumb -Wl,--start-group -lc -lm -Wl,--end-group
Finished building target: user_reset_button.elf
 
arm-none-eabi-size  user_reset_button.elf 
arm-none-eabi-objdump -h -S user_reset_button.elf  > "user_reset_button.list"
   text	   data	    bss	    dec	    hex	filename
   6424	     12	   1572	   8008	   1f48	user_reset_button.elf
Finished building: default.size.stdout
 
Finished building: user_reset_button.list
 

15:42:18 Build Finished. 0 errors, 1 warnings. (took 1s.79ms)

